   Compiling itoa v1.0.11
   Compiling cfg-if v1.0.0
   Compiling pin-project-lite v0.2.13
   Compiling bytes v1.6.0
   Compiling futures-core v0.3.30
   Compiling smallvec v1.13.2
   Compiling once_cell v1.19.0
   Compiling scopeguard v1.2.0
   Compiling fnv v1.0.7
   Compiling log v0.4.21
   Compiling libc v0.2.153
   Compiling pin-utils v0.1.0
   Compiling futures-task v0.3.30
   Compiling syn v2.0.55
   Compiling httparse v1.8.0
   Compiling async-trait v0.1.79
   Compiling axum-core v0.4.3
   Compiling tower-service v0.3.2
   Compiling lock_api v0.4.11
   Compiling percent-encoding v2.3.1
   Compiling ryu v1.0.17
   Compiling futures-channel v0.3.30
   Compiling futures-util v0.3.30
   Compiling httpdate v1.0.3
   Compiling tower-layer v0.3.2
   Compiling tracing-core v0.1.32
   Compiling serde_json v1.0.115
   Compiling form_urlencoded v1.2.1
   Compiling axum v0.7.5
   Compiling lazy_static v1.4.0
   Compiling mime v0.3.17
   Compiling sync_wrapper v0.1.2
   Compiling heck v0.4.1
   Compiling overload v0.1.1
   Compiling sharded-slab v0.1.7
   Compiling nu-ansi-term v0.46.0
   Compiling thread_local v1.1.8
   Compiling memchr v2.7.1
   Compiling http v1.1.0
   Compiling matchit v0.7.3
   Compiling sync_wrapper v1.0.0
   Compiling tracing v0.1.40
   Compiling tracing-log v0.2.0
   Compiling parking_lot_core v0.9.9
   Compiling num_cpus v1.16.0
   Compiling mio v0.8.11
   Compiling socket2 v0.5.6
   Compiling signal-hook-registry v1.4.1
   Compiling parking_lot v0.12.1
   Compiling tracing-subscriber v0.3.18
   Compiling http-body v1.0.0
   Compiling http-body-util v0.1.1
   Compiling tokio-macros v2.2.0
   Compiling serde_derive v1.0.197
   Compiling pin-project-internal v1.1.5
   Compiling axum-macros v0.4.1
   Compiling tokio v1.36.0
   Compiling pin-project v1.1.5
   Compiling serde v1.0.197
   Compiling hyper v1.2.0
   Compiling tower v0.4.13
   Compiling hyper-util v0.1.3
   Compiling serde_urlencoded v0.7.1
   Compiling serde_path_to_error v0.1.16
   Compiling rust-website v0.1.0 (/Users/js/dev/rust-website)
error: linking with `cc` failed: exit status: 1
  |
  = note: LC_ALL="C" PATH="/Users/js/.rustup/toolchains/stable-x86_64-apple-darwin/lib/rustlib/x86_64-apple-darwin/bin:/Users/js/miniconda3/bin:/Users/js/miniconda3/condabin:/usr/local/opt/llvm/bin:/Users/js/.nvm/versions/node/v18.17.1/bin:/Users/js/bin:/usr/local/bin:/Users/js/.cargo/bin:/Library/Java/JavaVirtualMachines/adoptopenjdk-8.jdk/Contents/Home:/usr/local/opt/openssl@3/bin:/usr/local/bin:/System/Cryptexes/App/usr/bin:/usr/bin:/bin:/usr/sbin:/sbin:/usr/local/go/bin:/usr/local/share/dotnet:~/.dotnet/tools:/Library/Apple/usr/bin:/Library/Frameworks/Mono.framework/Versions/Current/Commands:/var/run/com.apple.security.cryptexd/codex.system/bootstrap/usr/local/bin:/var/run/com.apple.security.cryptexd/codex.system/bootstrap/usr/bin:/var/run/com.apple.security.cryptexd/codex.system/bootstrap/usr/appleinternal/bin:/Applications/MacVim.app/Contents/bin:/Users/js/.gem/ruby/2.6.0/bin:/Users/js/go/bin:/Users/js/Library/Python/3.9/bin:/Applications/CMake.app/Contents/bin:/usr/local/bin:/Users/js/.fzf/bin" VSLANG="1033" "cc" "-m64" "/var/folders/07/rl0mflqx04337fshrrhw4k480000gn/T/rustcsNK3Lt/symbols.o" "/Users/js/dev/rust-website/target/x86_64-unknown-linux-gnu/debug/deps/rust_website-330afb24258f79a7.10cysaz9zyydlcw.rcgu.o" "/Users/js/dev/rust-website/target/x86_64-unknown-linux-gnu/debug/deps/rust_website-330afb24258f79a7.10ia6ur31tnolyfx.rcgu.o" "/Users/js/dev/rust-website/target/x86_64-unknown-linux-gnu/debug/deps/rust_website-330afb24258f79a7.10oqemkhc1ghjfjf.rcgu.o" "/Users/js/dev/rust-website/target/x86_64-unknown-linux-gnu/debug/deps/rust_website-330afb24258f79a7.11u0ufqc7dvvdnwg.rcgu.o" "/Users/js/dev/rust-website/target/x86_64-unknown-linux-gnu/debug/deps/rust_website-330afb24258f79a7.12hviozsy1bjs77s.rcgu.o" "/Users/js/dev/rust-website/target/x86_64-unknown-linux-gnu/debug/deps/rust_website-330afb24258f79a7.158e33qk89hvh87i.rcgu.o" "/Users/js/dev/rust-website/target/x86_64-unknown-linux-gnu/debug/deps/rust_website-330afb24258f79a7.15eeduruuh3gqfso.rcgu.o" "/Users/js/dev/rust-website/target/x86_64-unknown-linux-gnu/debug/deps/rust_website-330afb24258f79a7.16uf4e2v8qkg3axl.rcgu.o" "/Users/js/dev/rust-website/target/x86_64-unknown-linux-gnu/debug/deps/rust_website-330afb24258f79a7.173fwbtpky6v5fc6.rcgu.o" "/Users/js/dev/rust-website/target/x86_64-unknown-linux-gnu/debug/deps/rust_website-330afb24258f79a7.17a9kfddzxvqq9pt.rcgu.o" "/Users/js/dev/rust-website/target/x86_64-unknown-linux-gnu/debug/deps/rust_website-330afb24258f79a7.17zdm23btkb3uilr.rcgu.o" "/Users/js/dev/rust-website/target/x86_64-unknown-linux-gnu/debug/deps/rust_website-330afb24258f79a7.18zil9blknsr63do.rcgu.o" "/Users/js/dev/rust-website/target/x86_64-unknown-linux-gnu/debug/deps/rust_website-330afb24258f79a7.19pb4nz5dsnv8wix.rcgu.o" "/Users/js/dev/rust-website/target/x86_64-unknown-linux-gnu/debug/deps/rust_website-330afb24258f79a7.19yf2qqz44yf4aep.rcgu.o" "/Users/js/dev/rust-website/target/x86_64-unknown-linux-gnu/debug/deps/rust_website-330afb24258f79a7.1a7dpg8ig8cff9n6.rcgu.o" "/Users/js/dev/rust-website/target/x86_64-unknown-linux-gnu/debug/deps/rust_website-330afb24258f79a7.1afoq70rzzmfom60.rcgu.o" "/Users/js/dev/rust-website/target/x86_64-unknown-linux-gnu/debug/deps/rust_website-330afb24258f79a7.1bo8mvjo7co270ox.rcgu.o" "/Users/js/dev/rust-website/target/x86_64-unknown-linux-gnu/debug/deps/rust_website-330afb24258f79a7.1bpmhzbtqs5rhhdn.rcgu.o" "/Users/js/dev/rust-website/target/x86_64-unknown-linux-gnu/debug/deps/rust_website-330afb24258f79a7.1bv22yq859ibto0q.rcgu.o" "/Users/js/dev/rust-website/target/x86_64-unknown-linux-gnu/debug/deps/rust_website-330afb24258f79a7.1cfathejkjzqq93w.rcgu.o" "/Users/js/dev/rust-website/target/x86_64-unknown-linux-gnu/debug/deps/rust_website-330afb24258f79a7.1chox50ybg77y4ah.rcgu.o" "/Users/js/dev/rust-website/target/x86_64-unknown-linux-gnu/debug/deps/rust_website-330afb24258f79a7.1ctuvgjbqzwv9tao.rcgu.o" "/Users/js/dev/rust-website/target/x86_64-unknown-linux-gnu/debug/deps/rust_website-330afb24258f79a7.1cxas6b6fx8bi786.rcgu.o" "/Users/js/dev/rust-website/target/x86_64-unknown-linux-gnu/debug/deps/rust_website-330afb24258f79a7.1cyqnyjp1crlvd5q.rcgu.o" "/Users/js/dev/rust-website/target/x86_64-unknown-linux-gnu/debug/deps/rust_website-330afb24258f79a7.1db1mz03jjobm9t0.rcgu.o" "/Users/js/dev/rust-website/target/x86_64-unknown-linux-gnu/debug/deps/rust_website-330afb24258f79a7.1dcs35vrptbjdos8.rcgu.o" "/Users/js/dev/rust-website/target/x86_64-unknown-linux-gnu/debug/deps/rust_website-330afb24258f79a7.1esj9z9m4fbdn9ec.rcgu.o" "/Users/js/dev/rust-website/target/x86_64-unknown-linux-gnu/debug/deps/rust_website-330afb24258f79a7.1f8wrjjel2zhej7a.rcgu.o" "/Users/js/dev/rust-website/target/x86_64-unknown-linux-gnu/debug/deps/rust_website-330afb24258f79a7.1fq03haaku605268.rcgu.o" "/Users/js/dev/rust-website/target/x86_64-unknown-linux-gnu/debug/deps/rust_website-330afb24258f79a7.1g0sus2y7kmyonzg.rcgu.o" "/Users/js/dev/rust-website/target/x86_64-unknown-linux-gnu/debug/deps/rust_website-330afb24258f79a7.1gc9kf8igt7ogxjj.rcgu.o" "/Users/js/dev/rust-website/target/x86_64-unknown-linux-gnu/debug/deps/rust_website-330afb24258f79a7.1guyjidvpx8ief7g.rcgu.o" "/Users/js/dev/rust-website/target/x86_64-unknown-linux-gnu/debug/deps/rust_website-330afb24258f79a7.1hxx4nsmii9zrr7b.rcgu.o" "/Users/js/dev/rust-website/target/x86_64-unknown-linux-gnu/debug/deps/rust_website-330afb24258f79a7.1idmuajagvyyqx6u.rcgu.o" "/Users/js/dev/rust-website/target/x86_64-unknown-linux-gnu/debug/deps/rust_website-330afb24258f79a7.1jjxypm350e472l6.rcgu.o" "/Users/js/dev/rust-website/target/x86_64-unknown-linux-gnu/debug/deps/rust_website-330afb24258f79a7.1k9pecxj5wi482pf.rcgu.o" "/Users/js/dev/rust-website/target/x86_64-unknown-linux-gnu/debug/deps/rust_website-330afb24258f79a7.1mh7y652equwagty.rcgu.o" "/Users/js/dev/rust-website/target/x86_64-unknown-linux-gnu/debug/deps/rust_website-330afb24258f79a7.1mhet2gb5sucazom.rcgu.o" "/Users/js/dev/rust-website/target/x86_64-unknown-linux-gnu/debug/deps/rust_website-330afb24258f79a7.1morscm6of3teyre.rcgu.o" "/Users/js/dev/rust-website/target/x86_64-unknown-linux-gnu/debug/deps/rust_website-330afb24258f79a7.1n50w72vr9lyubew.rcgu.o" "/Users/js/dev/rust-website/target/x86_64-unknown-linux-gnu/debug/deps/rust_website-330afb24258f79a7.1p7ncsjex1wppeei.rcgu.o" "/Users/js/dev/rust-website/target/x86_64-unknown-linux-gnu/debug/deps/rust_website-330afb24258f79a7.1p87tk94aho2g3k.rcgu.o" "/Users/js/dev/rust-website/target/x86_64-unknown-linux-gnu/debug/deps/rust_website-330afb24258f79a7.1q84ujbhtjx2nsmf.rcgu.o" "/Users/js/dev/rust-website/target/x86_64-unknown-linux-gnu/debug/deps/rust_website-330afb24258f79a7.1qjp4wanwp272ad4.rcgu.o" "/Users/js/dev/rust-website/target/x86_64-unknown-linux-gnu/debug/deps/rust_website-330afb24258f79a7.1sbt8u3todmhr08t.rcgu.o" "/Users/js/dev/rust-website/target/x86_64-unknown-linux-gnu/debug/deps/rust_website-330afb24258f79a7.1t79fnxnk97bts4p.rcgu.o" "/Users/js/dev/rust-website/target/x86_64-unknown-linux-gnu/debug/deps/rust_website-330afb24258f79a7.1ta6bibzrobq894o.rcgu.o" "/Users/js/dev/rust-website/target/x86_64-unknown-linux-gnu/debug/deps/rust_website-330afb24258f79a7.1trw2080bf9m9fzr.rcgu.o" "/Users/js/dev/rust-website/target/x86_64-unknown-linux-gnu/debug/deps/rust_website-330afb24258f79a7.1umpoqxtpqa6fv7s.rcgu.o" "/Users/js/dev/rust-website/target/x86_64-unknown-linux-gnu/debug/deps/rust_website-330afb24258f79a7.1x0t8ms8henoh5p3.rcgu.o" "/Users/js/dev/rust-website/target/x86_64-unknown-linux-gnu/debug/deps/rust_website-330afb24258f79a7.1xb523rt70lla3be.rcgu.o" "/Users/js/dev/rust-website/target/x86_64-unknown-linux-gnu/debug/deps/rust_website-330afb24258f79a7.1xjd534pzgr4ze53.rcgu.o" "/Users/js/dev/rust-website/target/x86_64-unknown-linux-gnu/debug/deps/rust_website-330afb24258f79a7.1xvlr6kgp53cnmm1.rcgu.o" "/Users/js/dev/rust-website/target/x86_64-unknown-linux-gnu/debug/deps/rust_website-330afb24258f79a7.1ze36dzmopjkt0he.rcgu.o" "/Users/js/dev/rust-website/target/x86_64-unknown-linux-gnu/debug/deps/rust_website-330afb24258f79a7.211zvnommugmf74s.rcgu.o" "/Users/js/dev/rust-website/target/x86_64-unknown-linux-gnu/debug/deps/rust_website-330afb24258f79a7.21yx0qdbei2sy2wz.rcgu.o" "/Users/js/dev/rust-website/target/x86_64-unknown-linux-gnu/debug/deps/rust_website-330afb24258f79a7.23chcwdyzo6n9x5o.rcgu.o" "/Users/js/dev/rust-website/target/x86_64-unknown-linux-gnu/debug/deps/rust_website-330afb24258f79a7.241x4uh5eaa560tv.rcgu.o" "/Users/js/dev/rust-website/target/x86_64-unknown-linux-gnu/debug/deps/rust_website-330afb24258f79a7.24hsdp8vxny5gvnq.rcgu.o" "/Users/js/dev/rust-website/target/x86_64-unknown-linux-gnu/debug/deps/rust_website-330afb24258f79a7.24y560h1vyruqew0.rcgu.o" "/Users/js/dev/rust-website/target/x86_64-unknown-linux-gnu/debug/deps/rust_website-330afb24258f79a7.257eml7k4fyis1bn.rcgu.o" "/Users/js/dev/rust-website/target/x86_64-unknown-linux-gnu/debug/deps/rust_website-330afb24258f79a7.26iwn4ky11yg3f20.rcgu.o" "/Users/js/dev/rust-website/target/x86_64-unknown-linux-gnu/debug/deps/rust_website-330afb24258f79a7.28qa6dl6sk8hj3zt.rcgu.o" "/Users/js/dev/rust-website/target/x86_64-unknown-linux-gnu/debug/deps/rust_website-330afb24258f79a7.28v8liw7yervuzfs.rcgu.o" "/Users/js/dev/rust-website/target/x86_64-unknown-linux-gnu/debug/deps/rust_website-330afb24258f79a7.29kxmg2paadzvmu2.rcgu.o" "/Users/js/dev/rust-website/target/x86_64-unknown-linux-gnu/debug/deps/rust_website-330afb24258f79a7.2bxluv5jl2umtzj4.rcgu.o" "/Users/js/dev/rust-website/target/x86_64-unknown-linux-gnu/debug/deps/rust_website-330afb24258f79a7.2e28bvy3lxwob82q.rcgu.o" "/Users/js/dev/rust-website/target/x86_64-unknown-linux-gnu/debug/deps/rust_website-330afb24258f79a7.2g46g062hmclgm79.rcgu.o" "/Users/js/dev/rust-website/target/x86_64-unknown-linux-gnu/debug/deps/rust_website-330afb24258f79a7.2hdo3r3eehh055ur.rcgu.o" "/Users/js/dev/rust-website/target/x86_64-unknown-linux-gnu/debug/deps/rust_website-330afb24258f79a7.2iewex5r6xt643su.rcgu.o" "/Users/js/dev/rust-website/target/x86_64-unknown-linux-gnu/debug/deps/rust_website-330afb24258f79a7.2jxv8hseb6po8u5q.rcgu.o" "/Users/js/dev/rust-website/target/x86_64-unknown-linux-gnu/debug/deps/rust_website-330afb24258f79a7.2k6amcwg0gcf3ccl.rcgu.o" "/Users/js/dev/rust-website/target/x86_64-unknown-linux-gnu/debug/deps/rust_website-330afb24258f79a7.2kqktqy2e2kqggia.rcgu.o" "/Users/js/dev/rust-website/target/x86_64-unknown-linux-gnu/debug/deps/rust_website-330afb24258f79a7.2m12h9zock5s8p0z.rcgu.o" "/Users/js/dev/rust-website/target/x86_64-unknown-linux-gnu/debug/deps/rust_website-330afb24258f79a7.2n09f9wbmmabvkak.rcgu.o" "/Users/js/dev/rust-website/target/x86_64-unknown-linux-gnu/debug/deps/rust_website-330afb24258f79a7.2n6imxv6td1smx3v.rcgu.o" "/Users/js/dev/rust-website/target/x86_64-unknown-linux-gnu/debug/deps/rust_website-330afb24258f79a7.2ndw7rx47qf0takh.rcgu.o" "/Users/js/dev/rust-website/target/x86_64-unknown-linux-gnu/debug/deps/rust_website-330afb24258f79a7.2nozgzz85m0kaezh.rcgu.o" "/Users/js/dev/rust-website/target/x86_64-unknown-linux-gnu/debug/deps/rust_website-330afb24258f79a7.2nrm5vvy5nh9v05t.rcgu.o" "/Users/js/dev/rust-website/target/x86_64-unknown-linux-gnu/debug/deps/rust_website-330afb24258f79a7.2ovkzg69vhmk8lfv.rcgu.o" "/Users/js/dev/rust-website/target/x86_64-unknown-linux-gnu/debug/deps/rust_website-330afb24258f79a7.2ph27yqvcyu03myk.rcgu.o" "/Users/js/dev/rust-website/target/x86_64-unknown-linux-gnu/debug/deps/rust_website-330afb24258f79a7.2qw3jlmp0s3x4c8a.rcgu.o" "/Users/js/dev/rust-website/target/x86_64-unknown-linux-gnu/debug/deps/rust_website-330afb24258f79a7.2r6p3jijhlcq58xb.rcgu.o" "/Users/js/dev/rust-website/target/x86_64-unknown-linux-gnu/debug/deps/rust_website-330afb24258f79a7.2reogvnr4tmb03f1.rcgu.o" "/Users/js/dev/rust-website/target/x86_64-unknown-linux-gnu/debug/deps/rust_website-330afb24258f79a7.2s7h8ava1xzskypr.rcgu.o" "/Users/js/dev/rust-website/target/x86_64-unknown-linux-gnu/debug/deps/rust_website-330afb24258f79a7.2s95uiwtl7a0gxh.rcgu.o" "/Users/js/dev/rust-website/target/x86_64-unknown-linux-gnu/debug/deps/rust_website-330afb24258f79a7.2sw7a48lompswax0.rcgu.o" "/Users/js/dev/rust-website/target/x86_64-unknown-linux-gnu/debug/deps/rust_website-330afb24258f79a7.2sxegzozc4xvb4q0.rcgu.o" "/Users/js/dev/rust-website/target/x86_64-unknown-linux-gnu/debug/deps/rust_website-330afb24258f79a7.2tbu8q21ip9cq19m.rcgu.o" "/Users/js/dev/rust-website/target/x86_64-unknown-linux-gnu/debug/deps/rust_website-330afb24258f79a7.2tnulm0j2hlxksy0.rcgu.o" "/Users/js/dev/rust-website/target/x86_64-unknown-linux-gnu/debug/deps/rust_website-330afb24258f79a7.2ukurj10nifin3i0.rcgu.o" "/Users/js/dev/rust-website/target/x86_64-unknown-linux-gnu/debug/deps/rust_website-330afb24258f79a7.2vyvw704suo3mqeo.rcgu.o" "/Users/js/dev/rust-website/target/x86_64-unknown-linux-gnu/debug/deps/rust_website-330afb24258f79a7.2wq6mw0ky7n0adjh.rcgu.o" "/Users/js/dev/rust-website/target/x86_64-unknown-linux-gnu/debug/deps/rust_website-330afb24258f79a7.2xk32jdpkt1cn9nk.rcgu.o" "/Users/js/dev/rust-website/target/x86_64-unknown-linux-gnu/debug/deps/rust_website-330afb24258f79a7.2xmjgj18xi11uiur.rcgu.o" "/Users/js/dev/rust-website/target/x86_64-unknown-linux-gnu/debug/deps/rust_website-330afb24258f79a7.2z4bm0qq07ba384l.rcgu.o" "/Users/js/dev/rust-website/target/x86_64-unknown-linux-gnu/debug/deps/rust_website-330afb24258f79a7.300dv9s0nxu2flr0.rcgu.o" "/Users/js/dev/rust-website/target/x86_64-unknown-linux-gnu/debug/deps/rust_website-330afb24258f79a7.31piq7q9cqnytzsu.rcgu.o" "/Users/js/dev/rust-website/target/x86_64-unknown-linux-gnu/debug/deps/rust_website-330afb24258f79a7.326anoywn0xv5qqc.rcgu.o" "/Users/js/dev/rust-website/target/x86_64-unknown-linux-gnu/debug/deps/rust_website-330afb24258f79a7.33h61knrmgkqjlek.rcgu.o" "/Users/js/dev/rust-website/target/x86_64-unknown-linux-gnu/debug/deps/rust_website-330afb24258f79a7.34at4levj0diimav.rcgu.o" "/Users/js/dev/rust-website/target/x86_64-unknown-linux-gnu/debug/deps/rust_website-330afb24258f79a7.34finjs3p3c2pxjq.rcgu.o" "/Users/js/dev/rust-website/target/x86_64-unknown-linux-gnu/debug/deps/rust_website-330afb24258f79a7.34rz0dge80knmwx9.rcgu.o" "/Users/js/dev/rust-website/target/x86_64-unknown-linux-gnu/debug/deps/rust_website-330afb24258f79a7.35an7w02dct1vtr7.rcgu.o" "/Users/js/dev/rust-website/target/x86_64-unknown-linux-gnu/debug/deps/rust_website-330afb24258f79a7.36fyfk0bza12z9st.rcgu.o" "/Users/js/dev/rust-website/target/x86_64-unknown-linux-gnu/debug/deps/rust_website-330afb24258f79a7.36xuqk7b29zvx6y9.rcgu.o" "/Users/js/dev/rust-website/target/x86_64-unknown-linux-gnu/debug/deps/rust_website-330afb24258f79a7.3738edm6qcrf9qhu.rcgu.o" "/Users/js/dev/rust-website/target/x86_64-unknown-linux-gnu/debug/deps/rust_website-330afb24258f79a7.37fdzrwln1nbg9p8.rcgu.o" "/Users/js/dev/rust-website/target/x86_64-unknown-linux-gnu/debug/deps/rust_website-330afb24258f79a7.37r2eje7p6qqenl1.rcgu.o" "/Users/js/dev/rust-website/target/x86_64-unknown-linux-gnu/debug/deps/rust_website-330afb24258f79a7.37txua0zl5lbrrdk.rcgu.o" "/Users/js/dev/rust-website/target/x86_64-unknown-linux-gnu/debug/deps/rust_website-330afb24258f79a7.385hhb2846hu9bdu.rcgu.o" "/Users/js/dev/rust-website/target/x86_64-unknown-linux-gnu/debug/deps/rust_website-330afb24258f79a7.38ay5w5mg75wmp7d.rcgu.o" "/Users/js/dev/rust-website/target/x86_64-unknown-linux-gnu/debug/deps/rust_website-330afb24258f79a7.38guv6ed7g3g1yjs.rcgu.o" "/Users/js/dev/rust-website/target/x86_64-unknown-linux-gnu/debug/deps/rust_website-330afb24258f79a7.38sih9sk0au84bxu.rcgu.o" "/Users/js/dev/rust-website/target/x86_64-unknown-linux-gnu/debug/deps/rust_website-330afb24258f79a7.3a0zgyzmrb3x296t.rcgu.o" "/Users/js/dev/rust-website/target/x86_64-unknown-linux-gnu/debug/deps/rust_website-330afb24258f79a7.3apb73cu1ge9xg4h.rcgu.o" "/Users/js/dev/rust-website/target/x86_64-unknown-linux-gnu/debug/deps/rust_website-330afb24258f79a7.3c1uhqpf5sdwcgje.rcgu.o" "/Users/js/dev/rust-website/target/x86_64-unknown-linux-gnu/debug/deps/rust_website-330afb24258f79a7.3dn7lznpkon9364x.rcgu.o" "/Users/js/dev/rust-website/target/x86_64-unknown-linux-gnu/debug/deps/rust_website-330afb24258f79a7.3e8w5co1tw6ul91q.rcgu.o" "/Users/js/dev/rust-website/target/x86_64-unknown-linux-gnu/debug/deps/rust_website-330afb24258f79a7.3f17nlgec0vqr3e3.rcgu.o" "/Users/js/dev/rust-website/target/x86_64-unknown-linux-gnu/debug/deps/rust_website-330afb24258f79a7.3f7467pv28mltc93.rcgu.o" "/Users/js/dev/rust-website/target/x86_64-unknown-linux-gnu/debug/deps/rust_website-330afb24258f79a7.3g5au6h5w7vu0mka.rcgu.o" "/Users/js/dev/rust-website/target/x86_64-unknown-linux-gnu/debug/deps/rust_website-330afb24258f79a7.3g6zarrofeu2td9n.rcgu.o" "/Users/js/dev/rust-website/target/x86_64-unknown-linux-gnu/debug/deps/rust_website-330afb24258f79a7.3g7d3u1k9r77x5tp.rcgu.o" "/Users/js/dev/rust-website/target/x86_64-unknown-linux-gnu/debug/deps/rust_website-330afb24258f79a7.3glh6qv18rxb6hx2.rcgu.o" "/Users/js/dev/rust-website/target/x86_64-unknown-linux-gnu/debug/deps/rust_website-330afb24258f79a7.3iajoq3o2x0ubfrj.rcgu.o" "/Users/js/dev/rust-website/target/x86_64-unknown-linux-gnu/debug/deps/rust_website-330afb24258f79a7.3jrxswxum889qd9g.rcgu.o" "/Users/js/dev/rust-website/target/x86_64-unknown-linux-gnu/debug/deps/rust_website-330afb24258f79a7.3llacswe4rwpmx15.rcgu.o" "/Users/js/dev/rust-website/target/x86_64-unknown-linux-gnu/debug/deps/rust_website-330afb24258f79a7.3llxq8iimc3hglgz.rcgu.o" "/Users/js/dev/rust-website/target/x86_64-unknown-linux-gnu/debug/deps/rust_website-330afb24258f79a7.3m1qjbifkjr548ge.rcgu.o" "/Users/js/dev/rust-website/target/x86_64-unknown-linux-gnu/debug/deps/rust_website-330afb24258f79a7.3m50i58scbwtcawn.rcgu.o" "/Users/js/dev/rust-website/target/x86_64-unknown-linux-gnu/debug/deps/rust_website-330afb24258f79a7.3mj23sk29gmjru3i.rcgu.o" "/Users/js/dev/rust-website/target/x86_64-unknown-linux-gnu/debug/deps/rust_website-330afb24258f79a7.3pijpepwmqnanexa.rcgu.o" "/Users/js/dev/rust-website/target/x86_64-unknown-linux-gnu/debug/deps/rust_website-330afb24258f79a7.3rtkrtavh2814681.rcgu.o" "/Users/js/dev/rust-website/target/x86_64-unknown-linux-gnu/debug/deps/rust_website-330afb24258f79a7.3s46mq6cvwqecx11.rcgu.o" "/Users/js/dev/rust-website/target/x86_64-unknown-linux-gnu/debug/deps/rust_website-330afb24258f79a7.3s7edkyer7rnr29x.rcgu.o" "/Users/js/dev/rust-website/target/x86_64-unknown-linux-gnu/debug/deps/rust_website-330afb24258f79a7.3slqlncwofqt18sc.rcgu.o" "/Users/js/dev/rust-website/target/x86_64-unknown-linux-gnu/debug/deps/rust_website-330afb24258f79a7.3udgtgzabe9meid.rcgu.o" "/Users/js/dev/rust-website/target/x86_64-unknown-linux-gnu/debug/deps/rust_website-330afb24258f79a7.3ujpameqlsrfcb2v.rcgu.o" "/Users/js/dev/rust-website/target/x86_64-unknown-linux-gnu/debug/deps/rust_website-330afb24258f79a7.3v9licqf8k9o4rwb.rcgu.o" "/Users/js/dev/rust-website/target/x86_64-unknown-linux-gnu/debug/deps/rust_website-330afb24258f79a7.3vbcxk1ajm3v50rl.rcgu.o" "/Users/js/dev/rust-website/target/x86_64-unknown-linux-gnu/debug/deps/rust_website-330afb24258f79a7.3vhtod5x7ejh9eke.rcgu.o" "/Users/js/dev/rust-website/target/x86_64-unknown-linux-gnu/debug/deps/rust_website-330afb24258f79a7.3wevedc47farvazo.rcgu.o" "/Users/js/dev/rust-website/target/x86_64-unknown-linux-gnu/debug/deps/rust_website-330afb24258f79a7.3x1jsw798f12i1fv.rcgu.o" "/Users/js/dev/rust-website/target/x86_64-unknown-linux-gnu/debug/deps/rust_website-330afb24258f79a7.3x3gbj0kbv89o1oc.rcgu.o" "/Users/js/dev/rust-website/target/x86_64-unknown-linux-gnu/debug/deps/rust_website-330afb24258f79a7.3xehlawebspfo2g6.rcgu.o" "/Users/js/dev/rust-website/target/x86_64-unknown-linux-gnu/debug/deps/rust_website-330afb24258f79a7.3xocv07rev5koij9.rcgu.o" "/Users/js/dev/rust-website/target/x86_64-unknown-linux-gnu/debug/deps/rust_website-330afb24258f79a7.3xof42vsikdv8wfq.rcgu.o" "/Users/js/dev/rust-website/target/x86_64-unknown-linux-gnu/debug/deps/rust_website-330afb24258f79a7.3xzaabz3kajuvlpx.rcgu.o" "/Users/js/dev/rust-website/target/x86_64-unknown-linux-gnu/debug/deps/rust_website-330afb24258f79a7.404wsv9et3ut9h6b.rcgu.o" "/Users/js/dev/rust-website/target/x86_64-unknown-linux-gnu/debug/deps/rust_website-330afb24258f79a7.40mw702sp9sxipjt.rcgu.o" "/Users/js/dev/rust-website/target/x86_64-unknown-linux-gnu/debug/deps/rust_website-330afb24258f79a7.42vb38p0kyyrzact.rcgu.o" "/Users/js/dev/rust-website/target/x86_64-unknown-linux-gnu/debug/deps/rust_website-330afb24258f79a7.44q1zorgneumj9os.rcgu.o" "/Users/js/dev/rust-website/target/x86_64-unknown-linux-gnu/debug/deps/rust_website-330afb24258f79a7.48rthb149865n49o.rcgu.o" "/Users/js/dev/rust-website/target/x86_64-unknown-linux-gnu/debug/deps/rust_website-330afb24258f79a7.498eoac3zobwxsag.rcgu.o" "/Users/js/dev/rust-website/target/x86_64-unknown-linux-gnu/debug/deps/rust_website-330afb24258f79a7.49fb4yqg2fek5lpf.rcgu.o" "/Users/js/dev/rust-website/target/x86_64-unknown-linux-gnu/debug/deps/rust_website-330afb24258f79a7.4a8vlo4qd28rzi41.rcgu.o" "/Users/js/dev/rust-website/target/x86_64-unknown-linux-gnu/debug/deps/rust_website-330afb24258f79a7.4akjw5601f3wad2q.rcgu.o" "/Users/js/dev/rust-website/target/x86_64-unknown-linux-gnu/debug/deps/rust_website-330afb24258f79a7.4aph749o1zfb5bmv.rcgu.o" "/Users/js/dev/rust-website/target/x86_64-unknown-linux-gnu/debug/deps/rust_website-330afb24258f79a7.4csgxbjy3u2s454l.rcgu.o" "/Users/js/dev/rust-website/target/x86_64-unknown-linux-gnu/debug/deps/rust_website-330afb24258f79a7.4drx8bsb892h16xn.rcgu.o" "/Users/js/dev/rust-website/target/x86_64-unknown-linux-gnu/debug/deps/rust_website-330afb24258f79a7.4e8hwn4vc0ttpftb.rcgu.o" "/Users/js/dev/rust-website/target/x86_64-unknown-linux-gnu/debug/deps/rust_website-330afb24258f79a7.4ehczlpl2e9nkbc0.rcgu.o" "/Users/js/dev/rust-website/target/x86_64-unknown-linux-gnu/debug/deps/rust_website-330afb24258f79a7.4fck8y4eiesiywra.rcgu.o" "/Users/js/dev/rust-website/target/x86_64-unknown-linux-gnu/debug/deps/rust_website-330afb24258f79a7.4gap0jp2o3mkv2sd.rcgu.o" "/Users/js/dev/rust-website/target/x86_64-unknown-linux-gnu/debug/deps/rust_website-330afb24258f79a7.4gj9xcohh21vr9zd.rcgu.o" "/Users/js/dev/rust-website/target/x86_64-unknown-linux-gnu/debug/deps/rust_website-330afb24258f79a7.4j6ep96lvstfjdqd.rcgu.o" "/Users/js/dev/rust-website/target/x86_64-unknown-linux-gnu/debug/deps/rust_website-330afb24258f79a7.4jh0f50q8dmn1upt.rcgu.o" "/Users/js/dev/rust-website/target/x86_64-unknown-linux-gnu/debug/deps/rust_website-330afb24258f79a7.4lt5kqwqnh0npuwk.rcgu.o" "/Users/js/dev/rust-website/target/x86_64-unknown-linux-gnu/debug/deps/rust_website-330afb24258f79a7.4lvtz001o5rx7lkf.rcgu.o" "/Users/js/dev/rust-website/target/x86_64-unknown-linux-gnu/debug/deps/rust_website-330afb24258f79a7.4nyg0kfd21qcxfkq.rcgu.o" "/Users/js/dev/rust-website/target/x86_64-unknown-linux-gnu/debug/deps/rust_website-330afb24258f79a7.4o6iy56wcx2rwrfx.rcgu.o" "/Users/js/dev/rust-website/target/x86_64-unknown-linux-gnu/debug/deps/rust_website-330afb24258f79a7.4o8r4ze19iji5vkk.rcgu.o" "/Users/js/dev/rust-website/target/x86_64-unknown-linux-gnu/debug/deps/rust_website-330afb24258f79a7.4ow11s5mhls7i1t5.rcgu.o" "/Users/js/dev/rust-website/target/x86_64-unknown-linux-gnu/debug/deps/rust_website-330afb24258f79a7.4ozzj5tlyifqe1zc.rcgu.o" "/Users/js/dev/rust-website/target/x86_64-unknown-linux-gnu/debug/deps/rust_website-330afb24258f79a7.4phhlb8f0ir25hf9.rcgu.o" "/Users/js/dev/rust-website/target/x86_64-unknown-linux-gnu/debug/deps/rust_website-330afb24258f79a7.4qca8oa542qyq5l3.rcgu.o" "/Users/js/dev/rust-website/target/x86_64-unknown-linux-gnu/debug/deps/rust_website-330afb24258f79a7.4qoc9j6pl87wjx7w.rcgu.o" "/Users/js/dev/rust-website/target/x86_64-unknown-linux-gnu/debug/deps/rust_website-330afb24258f79a7.4qz6ph4khilkgm35.rcgu.o" "/Users/js/dev/rust-website/target/x86_64-unknown-linux-gnu/debug/deps/rust_website-330afb24258f79a7.4s4i3e7zmf85fo73.rcgu.o" "/Users/js/dev/rust-website/target/x86_64-unknown-linux-gnu/debug/deps/rust_website-330afb24258f79a7.4v3oyao3kbq6gy1r.rcgu.o" "/Users/js/dev/rust-website/target/x86_64-unknown-linux-gnu/debug/deps/rust_website-330afb24258f79a7.4v7us1msehzvz0bj.rcgu.o" "/Users/js/dev/rust-website/target/x86_64-unknown-linux-gnu/debug/deps/rust_website-330afb24258f79a7.4vkqh1fpfnelfi7h.rcgu.o" "/Users/js/dev/rust-website/target/x86_64-unknown-linux-gnu/debug/deps/rust_website-330afb24258f79a7.4wfdgg6ghyax2agp.rcgu.o" "/Users/js/dev/rust-website/target/x86_64-unknown-linux-gnu/debug/deps/rust_website-330afb24258f79a7.4wl4vzj1y450pbho.rcgu.o" "/Users/js/dev/rust-website/target/x86_64-unknown-linux-gnu/debug/deps/rust_website-330afb24258f79a7.4wnnk82hf854i7si.rcgu.o" "/Users/js/dev/rust-website/target/x86_64-unknown-linux-gnu/debug/deps/rust_website-330afb24258f79a7.4xa0qg7rr7gedxus.rcgu.o" "/Users/js/dev/rust-website/target/x86_64-unknown-linux-gnu/debug/deps/rust_website-330afb24258f79a7.4xqbjw83r5nu1hxa.rcgu.o" "/Users/js/dev/rust-website/target/x86_64-unknown-linux-gnu/debug/deps/rust_website-330afb24258f79a7.4xxy52vrlom5ut1v.rcgu.o" "/Users/js/dev/rust-website/target/x86_64-unknown-linux-gnu/debug/deps/rust_website-330afb24258f79a7.50b574ulzzkq7mqn.rcgu.o" "/Users/js/dev/rust-website/target/x86_64-unknown-linux-gnu/debug/deps/rust_website-330afb24258f79a7.50k1d3rgtcqo1hgd.rcgu.o" "/Users/js/dev/rust-website/target/x86_64-unknown-linux-gnu/debug/deps/rust_website-330afb24258f79a7.5176rgbu4thui7vx.rcgu.o" "/Users/js/dev/rust-website/target/x86_64-unknown-linux-gnu/debug/deps/rust_website-330afb24258f79a7.51qzxlmdwor3jc6q.rcgu.o" "/Users/js/dev/rust-website/target/x86_64-unknown-linux-gnu/debug/deps/rust_website-330afb24258f79a7.528ocu924p2o2qd9.rcgu.o" "/Users/js/dev/rust-website/target/x86_64-unknown-linux-gnu/debug/deps/rust_website-330afb24258f79a7.52adb45gani49hmb.rcgu.o" "/Users/js/dev/rust-website/target/x86_64-unknown-linux-gnu/debug/deps/rust_website-330afb24258f79a7.54tu6tvrb4bxbrwd.rcgu.o" "/Users/js/dev/rust-website/target/x86_64-unknown-linux-gnu/debug/deps/rust_website-330afb24258f79a7.54zum5gr24p3t6d4.rcgu.o" "/Users/js/dev/rust-website/target/x86_64-unknown-linux-gnu/debug/deps/rust_website-330afb24258f79a7.565ntcgja44vboq.rcgu.o" "/Users/js/dev/rust-website/target/x86_64-unknown-linux-gnu/debug/deps/rust_website-330afb24258f79a7.56yj6rv3onxvvjcy.rcgu.o" "/Users/js/dev/rust-website/target/x86_64-unknown-linux-gnu/debug/deps/rust_website-330afb24258f79a7.579a31o31phzry6u.rcgu.o" "/Users/js/dev/rust-website/target/x86_64-unknown-linux-gnu/debug/deps/rust_website-330afb24258f79a7.57id7g94nw0ioo9w.rcgu.o" "/Users/js/dev/rust-website/target/x86_64-unknown-linux-gnu/debug/deps/rust_website-330afb24258f79a7.581weuynp0s5d99d.rcgu.o" "/Users/js/dev/rust-website/target/x86_64-unknown-linux-gnu/debug/deps/rust_website-330afb24258f79a7.59fu5xvix0nig4f2.rcgu.o" "/Users/js/dev/rust-website/target/x86_64-unknown-linux-gnu/debug/deps/rust_website-330afb24258f79a7.5a25t30ij9jg7t2t.rcgu.o" "/Users/js/dev/rust-website/target/x86_64-unknown-linux-gnu/debug/deps/rust_website-330afb24258f79a7.5a4ik3ufmzxkx5ts.rcgu.o" "/Users/js/dev/rust-website/target/x86_64-unknown-linux-gnu/debug/deps/rust_website-330afb24258f79a7.5bew5cs5l1evs2qc.rcgu.o" "/Users/js/dev/rust-website/target/x86_64-unknown-linux-gnu/debug/deps/rust_website-330afb24258f79a7.5buqno46g72fvfdf.rcgu.o" "/Users/js/dev/rust-website/target/x86_64-unknown-linux-gnu/debug/deps/rust_website-330afb24258f79a7.5cqtbyoivqrmpbr8.rcgu.o" "/Users/js/dev/rust-website/target/x86_64-unknown-linux-gnu/debug/deps/rust_website-330afb24258f79a7.5cwcd3f2jrr4rxef.rcgu.o" "/Users/js/dev/rust-website/target/x86_64-unknown-linux-gnu/debug/deps/rust_website-330afb24258f79a7.5cyfttwx4r268fyp.rcgu.o" "/Users/js/dev/rust-website/target/x86_64-unknown-linux-gnu/debug/deps/rust_website-330afb24258f79a7.5es79v3mfm4h163p.rcgu.o" "/Users/js/dev/rust-website/target/x86_64-unknown-linux-gnu/debug/deps/rust_website-330afb24258f79a7.5g01msch7riqhs52.rcgu.o" "/Users/js/dev/rust-website/target/x86_64-unknown-linux-gnu/debug/deps/rust_website-330afb24258f79a7.5gu0i6dtxjc6f0t8.rcgu.o" "/Users/js/dev/rust-website/target/x86_64-unknown-linux-gnu/debug/deps/rust_website-330afb24258f79a7.5nqp8xq4mk2h1lv.rcgu.o" "/Users/js/dev/rust-website/target/x86_64-unknown-linux-gnu/debug/deps/rust_website-330afb24258f79a7.5pg32rfzqyxou29.rcgu.o" "/Users/js/dev/rust-website/target/x86_64-unknown-linux-gnu/debug/deps/rust_website-330afb24258f79a7.5tn5txmqq6t5jh3.rcgu.o" "/Users/js/dev/rust-website/target/x86_64-unknown-linux-gnu/debug/deps/rust_website-330afb24258f79a7.7jz0e4vy4m0kppm.rcgu.o" "/Users/js/dev/rust-website/target/x86_64-unknown-linux-gnu/debug/deps/rust_website-330afb24258f79a7.7o50d2688oykkh1.rcgu.o" "/Users/js/dev/rust-website/target/x86_64-unknown-linux-gnu/debug/deps/rust_website-330afb24258f79a7.7p9xfq2w4telpjr.rcgu.o" "/Users/js/dev/rust-website/target/x86_64-unknown-linux-gnu/debug/deps/rust_website-330afb24258f79a7.97u2n34z8pjb7hk.rcgu.o" "/Users/js/dev/rust-website/target/x86_64-unknown-linux-gnu/debug/deps/rust_website-330afb24258f79a7.9qfq7ls56z6hvtx.rcgu.o" "/Users/js/dev/rust-website/target/x86_64-unknown-linux-gnu/debug/deps/rust_website-330afb24258f79a7.9z0pw9omoziliun.rcgu.o" "/Users/js/dev/rust-website/target/x86_64-unknown-linux-gnu/debug/deps/rust_website-330afb24258f79a7.a7giqvaa5x7lgvl.rcgu.o" "/Users/js/dev/rust-website/target/x86_64-unknown-linux-gnu/debug/deps/rust_website-330afb24258f79a7.bn6xs0wbyud7ssu.rcgu.o" "/Users/js/dev/rust-website/target/x86_64-unknown-linux-gnu/debug/deps/rust_website-330afb24258f79a7.e0f56eds74utmxe.rcgu.o" "/Users/js/dev/rust-website/target/x86_64-unknown-linux-gnu/debug/deps/rust_website-330afb24258f79a7.eo6006tl79kt500.rcgu.o" "/Users/js/dev/rust-website/target/x86_64-unknown-linux-gnu/debug/deps/rust_website-330afb24258f79a7.gv8mplzlyjnx502.rcgu.o" "/Users/js/dev/rust-website/target/x86_64-unknown-linux-gnu/debug/deps/rust_website-330afb24258f79a7.ia03a7al2tq5vld.rcgu.o" "/Users/js/dev/rust-website/target/x86_64-unknown-linux-gnu/debug/deps/rust_website-330afb24258f79a7.jw03xsz8pu106ix.rcgu.o" "/Users/js/dev/rust-website/target/x86_64-unknown-linux-gnu/debug/deps/rust_website-330afb24258f79a7.kt2qdwuk8s4xxpm.rcgu.o" "/Users/js/dev/rust-website/target/x86_64-unknown-linux-gnu/debug/deps/rust_website-330afb24258f79a7.muuckd6kqjur3n0.rcgu.o" "/Users/js/dev/rust-website/target/x86_64-unknown-linux-gnu/debug/deps/rust_website-330afb24258f79a7.n90php3vt47y8l2.rcgu.o" "/Users/js/dev/rust-website/target/x86_64-unknown-linux-gnu/debug/deps/rust_website-330afb24258f79a7.nacw5hh3tzsiqf7.rcgu.o" "/Users/js/dev/rust-website/target/x86_64-unknown-linux-gnu/debug/deps/rust_website-330afb24258f79a7.o3nlsdyo79mn8pj.rcgu.o" "/Users/js/dev/rust-website/target/x86_64-unknown-linux-gnu/debug/deps/rust_website-330afb24258f79a7.qe56n8ruq0qtdun.rcgu.o" "/Users/js/dev/rust-website/target/x86_64-unknown-linux-gnu/debug/deps/rust_website-330afb24258f79a7.qk0muudu5j8p51o.rcgu.o" "/Users/js/dev/rust-website/target/x86_64-unknown-linux-gnu/debug/deps/rust_website-330afb24258f79a7.r0zh3zfmoxh9p1c.rcgu.o" "/Users/js/dev/rust-website/target/x86_64-unknown-linux-gnu/debug/deps/rust_website-330afb24258f79a7.shlnhrx2h88316s.rcgu.o" "/Users/js/dev/rust-website/target/x86_64-unknown-linux-gnu/debug/deps/rust_website-330afb24258f79a7.tldrag7n9tp42ar.rcgu.o" "/Users/js/dev/rust-website/target/x86_64-unknown-linux-gnu/debug/deps/rust_website-330afb24258f79a7.uvt8sjxb9djik1z.rcgu.o" "/Users/js/dev/rust-website/target/x86_64-unknown-linux-gnu/debug/deps/rust_website-330afb24258f79a7.vnw0khbpo4ba4hq.rcgu.o" "/Users/js/dev/rust-website/target/x86_64-unknown-linux-gnu/debug/deps/rust_website-330afb24258f79a7.wn6neo8g3hcvxl9.rcgu.o" "/Users/js/dev/rust-website/target/x86_64-unknown-linux-gnu/debug/deps/rust_website-330afb24258f79a7.wqupftkqkeuxlzd.rcgu.o" "/Users/js/dev/rust-website/target/x86_64-unknown-linux-gnu/debug/deps/rust_website-330afb24258f79a7.xmv3red0n9870lj.rcgu.o" "/Users/js/dev/rust-website/target/x86_64-unknown-linux-gnu/debug/deps/rust_website-330afb24258f79a7.xwtfr9r3icz5ns4.rcgu.o" "/Users/js/dev/rust-website/target/x86_64-unknown-linux-gnu/debug/deps/rust_website-330afb24258f79a7.ylcsfgt4hekuhdu.rcgu.o" "/Users/js/dev/rust-website/target/x86_64-unknown-linux-gnu/debug/deps/rust_website-330afb24258f79a7.yo9kjgfl9jwll03.rcgu.o" "/Users/js/dev/rust-website/target/x86_64-unknown-linux-gnu/debug/deps/rust_website-330afb24258f79a7.zs9nuiaa3zce3hm.rcgu.o" "/Users/js/dev/rust-website/target/x86_64-unknown-linux-gnu/debug/deps/rust_website-330afb24258f79a7.ztndl1700zpbti6.rcgu.o" "/Users/js/dev/rust-website/target/x86_64-unknown-linux-gnu/debug/deps/rust_website-330afb24258f79a7.3qd1a2jwsooeq0hy.rcgu.o" "-Wl,--as-needed" "-L" "/Users/js/dev/rust-website/target/x86_64-unknown-linux-gnu/debug/deps" "-L" "/Users/js/dev/rust-website/target/debug/deps" "-L" "/Users/js/.rustup/toolchains/stable-x86_64-apple-darwin/lib/rustlib/x86_64-unknown-linux-gnu/lib" "-Wl,-Bstatic" "/Users/js/dev/rust-website/target/x86_64-unknown-linux-gnu/debug/deps/libtracing_subscriber-d625c6cd31411c9e.rlib" "/Users/js/dev/rust-website/target/x86_64-unknown-linux-gnu/debug/deps/libnu_ansi_term-fbc48ea2eef13f69.rlib" "/Users/js/dev/rust-website/target/x86_64-unknown-linux-gnu/debug/deps/liboverload-a2f3922981d9fa00.rlib" "/Users/js/dev/rust-website/target/x86_64-unknown-linux-gnu/debug/deps/libthread_local-024f126bd32ba0ee.rlib" "/Users/js/dev/rust-website/target/x86_64-unknown-linux-gnu/debug/deps/libsharded_slab-d2848b41d7c6f2e1.rlib" "/Users/js/dev/rust-website/target/x86_64-unknown-linux-gnu/debug/deps/liblazy_static-a005b5fa6e4f60e4.rlib" "/Users/js/dev/rust-website/target/x86_64-unknown-linux-gnu/debug/deps/libtracing_log-da186ad2240a290a.rlib" "/Users/js/dev/rust-website/target/x86_64-unknown-linux-gnu/debug/deps/libaxum-07ab8de2c63e1a68.rlib" "/Users/js/dev/rust-website/target/x86_64-unknown-linux-gnu/debug/deps/libmemchr-2aa268f0fde4e449.rlib" "/Users/js/dev/rust-website/target/x86_64-unknown-linux-gnu/debug/deps/libserde_path_to_error-24698286e271f06e.rlib" "/Users/js/dev/rust-website/target/x86_64-unknown-linux-gnu/debug/deps/libserde_json-50062af6b46da955.rlib" "/Users/js/dev/rust-website/target/x86_64-unknown-linux-gnu/debug/deps/libserde_urlencoded-2bd76ce24d4f9ce1.rlib" "/Users/js/dev/rust-website/target/x86_64-unknown-linux-gnu/debug/deps/libryu-a7221325fe7488f2.rlib" "/Users/js/dev/rust-website/target/x86_64-unknown-linux-gnu/debug/deps/libform_urlencoded-5f674fdce2883964.rlib" "/Users/js/dev/rust-website/target/x86_64-unknown-linux-gnu/debug/deps/libpercent_encoding-ba11143a64ff0113.rlib" "/Users/js/dev/rust-website/target/x86_64-unknown-linux-gnu/debug/deps/libhyper_util-fdff112707d39dce.rlib" "/Users/js/dev/rust-website/target/x86_64-unknown-linux-gnu/debug/deps/libhyper-3621a57ac8272395.rlib" "/Users/js/dev/rust-website/target/x86_64-unknown-linux-gnu/debug/deps/libhttparse-8137d6cbe3522797.rlib" "/Users/js/dev/rust-website/target/x86_64-unknown-linux-gnu/debug/deps/libhttpdate-68c8a9a6de7abec6.rlib" "/Users/js/dev/rust-website/target/x86_64-unknown-linux-gnu/debug/deps/libfutures_channel-bcbdb58c495614b6.rlib" "/Users/js/dev/rust-website/target/x86_64-unknown-linux-gnu/debug/deps/libmatchit-e836ee4e72aaa0e1.rlib" "/Users/js/dev/rust-website/target/x86_64-unknown-linux-gnu/debug/deps/libsync_wrapper-c32de82ddf8690c2.rlib" "/Users/js/dev/rust-website/target/x86_64-unknown-linux-gnu/debug/deps/libserde-3c9a47201bc96186.rlib" "/Users/js/dev/rust-website/target/x86_64-unknown-linux-gnu/debug/deps/libaxum_core-9150590e5ad813e7.rlib" "/Users/js/dev/rust-website/target/x86_64-unknown-linux-gnu/debug/deps/libmime-da42e34331f84b55.rlib" "/Users/js/dev/rust-website/target/x86_64-unknown-linux-gnu/debug/deps/libtracing-ff36f3e18146bd62.rlib" "/Users/js/dev/rust-website/target/x86_64-unknown-linux-gnu/debug/deps/liblog-478cf7eddd8c897b.rlib" "/Users/js/dev/rust-website/target/x86_64-unknown-linux-gnu/debug/deps/libtracing_core-9a3407b53edf82f2.rlib" "/Users/js/dev/rust-website/target/x86_64-unknown-linux-gnu/debug/deps/libonce_cell-4682739aedf075dd.rlib" "/Users/js/dev/rust-website/target/x86_64-unknown-linux-gnu/debug/deps/libsync_wrapper-d4aab01941e77702.rlib" "/Users/js/dev/rust-website/target/x86_64-unknown-linux-gnu/debug/deps/libhttp_body_util-fae4184455291acb.rlib" "/Users/js/dev/rust-website/target/x86_64-unknown-linux-gnu/debug/deps/libhttp_body-8f98557c1a83e456.rlib" "/Users/js/dev/rust-website/target/x86_64-unknown-linux-gnu/debug/deps/libhttp-55e64a62a94907fa.rlib" "/Users/js/dev/rust-website/target/x86_64-unknown-linux-gnu/debug/deps/libitoa-2db0bcb36e3dc7e4.rlib" "/Users/js/dev/rust-website/target/x86_64-unknown-linux-gnu/debug/deps/libfnv-47703b7af57871c8.rlib" "/Users/js/dev/rust-website/target/x86_64-unknown-linux-gnu/debug/deps/libtower-791ce7fcc615fad7.rlib" "/Users/js/dev/rust-website/target/x86_64-unknown-linux-gnu/debug/deps/libpin_project-71df5d8ab5fc621f.rlib" "/Users/js/dev/rust-website/target/x86_64-unknown-linux-gnu/debug/deps/libtower_layer-1a86f80e3ca16a7a.rlib" "/Users/js/dev/rust-website/target/x86_64-unknown-linux-gnu/debug/deps/libfutures_util-9a200f04e117c10a.rlib" "/Users/js/dev/rust-website/target/x86_64-unknown-linux-gnu/debug/deps/libfutures_task-62dc8dfa2f507d60.rlib" "/Users/js/dev/rust-website/target/x86_64-unknown-linux-gnu/debug/deps/libpin_utils-e9016af3ee95a3ed.rlib" "/Users/js/dev/rust-website/target/x86_64-unknown-linux-gnu/debug/deps/libfutures_core-169fccd63d72a10a.rlib" "/Users/js/dev/rust-website/target/x86_64-unknown-linux-gnu/debug/deps/libtower_service-b8e403237da6fb26.rlib" "/Users/js/dev/rust-website/target/x86_64-unknown-linux-gnu/debug/deps/libtokio-1e51173996ce44c8.rlib" "/Users/js/dev/rust-website/target/x86_64-unknown-linux-gnu/debug/deps/libsignal_hook_registry-cea65df8e188f2b5.rlib" "/Users/js/dev/rust-website/target/x86_64-unknown-linux-gnu/debug/deps/libnum_cpus-3cfff77e1e439776.rlib" "/Users/js/dev/rust-website/target/x86_64-unknown-linux-gnu/debug/deps/libsocket2-2c5dd89fcea7f80e.rlib" "/Users/js/dev/rust-website/target/x86_64-unknown-linux-gnu/debug/deps/libbytes-f94e2837fde2d0f0.rlib" "/Users/js/dev/rust-website/target/x86_64-unknown-linux-gnu/debug/deps/libmio-fc87ceb50c6657ac.rlib" "/Users/js/dev/rust-website/target/x86_64-unknown-linux-gnu/debug/deps/libparking_lot-40ce7e79cfc0c4fa.rlib" "/Users/js/dev/rust-website/target/x86_64-unknown-linux-gnu/debug/deps/libparking_lot_core-37af549e9dac55d1.rlib" "/Users/js/dev/rust-website/target/x86_64-unknown-linux-gnu/debug/deps/liblibc-3ed68e2284a47d15.rlib" "/Users/js/dev/rust-website/target/x86_64-unknown-linux-gnu/debug/deps/libcfg_if-74eefd710b2c17c9.rlib" "/Users/js/dev/rust-website/target/x86_64-unknown-linux-gnu/debug/deps/libsmallvec-d358c974e4e0d260.rlib" "/Users/js/dev/rust-website/target/x86_64-unknown-linux-gnu/debug/deps/liblock_api-25afb183f90963f2.rlib" "/Users/js/dev/rust-website/target/x86_64-unknown-linux-gnu/debug/deps/libscopeguard-125cf22235d1bb7f.rlib" "/Users/js/dev/rust-website/target/x86_64-unknown-linux-gnu/debug/deps/libpin_project_lite-9a8e28f65c162e7b.rlib" "/Users/js/.rustup/toolchains/stable-x86_64-apple-darwin/lib/rustlib/x86_64-unknown-linux-gnu/lib/libstd-320ebc7037fb8f95.rlib" "/Users/js/.rustup/toolchains/stable-x86_64-apple-darwin/lib/rustlib/x86_64-unknown-linux-gnu/lib/libpanic_unwind-5c5363659220970d.rlib" "/Users/js/.rustup/toolchains/stable-x86_64-apple-darwin/lib/rustlib/x86_64-unknown-linux-gnu/lib/libobject-bec15aa2c4312c4c.rlib" "/Users/js/.rustup/toolchains/stable-x86_64-apple-darwin/lib/rustlib/x86_64-unknown-linux-gnu/lib/libmemchr-fe71d6e60bf77974.rlib" "/Users/js/.rustup/toolchains/stable-x86_64-apple-darwin/lib/rustlib/x86_64-unknown-linux-gnu/lib/libaddr2line-0f5608a77595bf7e.rlib" "/Users/js/.rustup/toolchains/stable-x86_64-apple-darwin/lib/rustlib/x86_64-unknown-linux-gnu/lib/libgimli-b8b7c25fe3bad107.rlib" "/Users/js/.rustup/toolchains/stable-x86_64-apple-darwin/lib/rustlib/x86_64-unknown-linux-gnu/lib/librustc_demangle-0f75b33b546e9dfc.rlib" "/Users/js/.rustup/toolchains/stable-x86_64-apple-darwin/lib/rustlib/x86_64-unknown-linux-gnu/lib/libstd_detect-2c2d79a7fce0ec84.rlib" "/Users/js/.rustup/toolchains/stable-x86_64-apple-darwin/lib/rustlib/x86_64-unknown-linux-gnu/lib/libhashbrown-d29140320fecac62.rlib" "/Users/js/.rustup/toolchains/stable-x86_64-apple-darwin/lib/rustlib/x86_64-unknown-linux-gnu/lib/librustc_std_workspace_alloc-9274a8eb44eefdb5.rlib" "/Users/js/.rustup/toolchains/stable-x86_64-apple-darwin/lib/rustlib/x86_64-unknown-linux-gnu/lib/libminiz_oxide-4c1e8c7ac02fe45d.rlib" "/Users/js/.rustup/toolchains/stable-x86_64-apple-darwin/lib/rustlib/x86_64-unknown-linux-gnu/lib/libadler-0f62d6b334d8a8b9.rlib" "/Users/js/.rustup/toolchains/stable-x86_64-apple-darwin/lib/rustlib/x86_64-unknown-linux-gnu/lib/libunwind-56f5161b8051bb71.rlib" "/Users/js/.rustup/toolchains/stable-x86_64-apple-darwin/lib/rustlib/x86_64-unknown-linux-gnu/lib/libcfg_if-659f33ab33d4b7a0.rlib" "/Users/js/.rustup/toolchains/stable-x86_64-apple-darwin/lib/rustlib/x86_64-unknown-linux-gnu/lib/liblibc-194ca45e594e82cf.rlib" "/Users/js/.rustup/toolchains/stable-x86_64-apple-darwin/lib/rustlib/x86_64-unknown-linux-gnu/lib/liballoc-8de8e7171366ad5b.rlib" "/Users/js/.rustup/toolchains/stable-x86_64-apple-darwin/lib/rustlib/x86_64-unknown-linux-gnu/lib/librustc_std_workspace_core-dd54ac19f2116694.rlib" "/Users/js/.rustup/toolchains/stable-x86_64-apple-darwin/lib/rustlib/x86_64-unknown-linux-gnu/lib/libcore-7466f872aeeff38e.rlib" "/Users/js/.rustup/toolchains/stable-x86_64-apple-darwin/lib/rustlib/x86_64-unknown-linux-gnu/lib/libcompiler_builtins-9886ca42a5954174.rlib" "-Wl,-Bdynamic" "-lgcc_s" "-lutil" "-lrt" "-lpthread" "-lm" "-ldl" "-lc" "-Wl,--eh-frame-hdr" "-Wl,-z,noexecstack" "-L" "/Users/js/.rustup/toolchains/stable-x86_64-apple-darwin/lib/rustlib/x86_64-unknown-linux-gnu/lib" "-o" "/Users/js/dev/rust-website/target/x86_64-unknown-linux-gnu/debug/deps/rust_website-330afb24258f79a7" "-Wl,--gc-sections" "-pie" "-Wl,-z,relro,-z,now" "-nodefaultlibs"
  = note: clang: warning: argument unused during compilation: '-pie' [-Wunused-command-line-argument]
          ld: unknown option: --as-needed
          clang: error: linker command failed with exit code 1 (use -v to see invocation)
          

error: could not compile `rust-website` (bin "rust-website") due to 1 previous error
